aio_ndio_copy 0x
bpc_cancel 1x
bpc_create 2x
bpc_destroy 3x
bpc_invoke 4x
bpc_queue 5x
bpc_queue_and_wait 6x
bpc_start 7x
bpc_stop 8x
bs_tab 9x
choose_op 10x
conn_adjust_read_split_size 11x
conn_adjust_write_split_size 12x
conn_ata_passthrough 13x
conn_clean 14x
conn_connect 15x
conn_disconnect 16x
conn_do_ata_flush 17x
conn_do_ata_passthrough 18x
conn_do_atapi_cmd 19x
conn_do_atapi_req_sense 20x
conn_do_ata_rw 21x
conn_do_ata_set_feature 22x
conn_do_ata_verify 23x
conn_do_ata_write_verify 24x
conn_flush_func 25x
conn_handshake 26x
conn_init 27x
conn_io_vec 28x
conn_is_connected 29x
conn_lock_operation 30x
conn_logout 31x
conn_packet_cmd 32x
conn_read_dib 33x
conn_read_func 34x
conn_reconnect 35x
conn_reinit 36x
conn_rw 37x
conn_rw_io_execute 38x
conn_rw_vector 39x
conn_set_error 40x
conn_set_feature 41x
conn_text_target_data 42x
conn_text_target_list 43x
conn_transport_process_transfer 44x
conn_verify_func 45x
conn_write_func 46x
crc32_calc 47x
crc32_calc_byte 48x
CRC_calculate 49x
CRC_init_table 50x
CRC_reflect 51x
DecryptNdasID 52x
DelayForQuantum 53x
des_dc 54x
des_ec 55x
des_ecm 56x
des_ky 57x
DevLockIdMap 58x
DevLockIdMap_Adv 59x
_dpc_cancel 60x
dpc_cancel 61x
dpc_create 62x
dpc_destroy 63x
dpc_invoke 64x
dpc_queue 65x
dpc_start 66x
dpc_stop 67x
EncryptNdasID 68x
EnterBufferLockIoIdle 69x
hix_reinit 70x
int_wait 71x
IoIdleTimeExpiredHandler 72x
ks_tab 73x
.LC0 74x
.LC1 75x
.LC10 76x
.LC12 77x
.LC13 78x
.LC8 79x
LMDestroy 80x
LMEnable 81x
LMInitialize 82x
LockCacheAcquiredLocksExistsExceptForBufferLock 83x
LockCacheAllLocksLost 84x
LockCacheCheckLostLockIORange 85x
LockIdToTargetLockIdx 86x
lookup_host_accessing 87x
lpx_accept 88x
lpx_bind 89x
lpx_cleanup 90x
lpx_close 91x
lpx_complete_aio_datalen_error 92x
lpx_complete_aio_leftover 93x
lpx_connect 94x
lpx_getname 95x
lpx_get_retransmit_count 96x
lpx_init 97x
lpx_is_connected 98x
lpx_is_recv_data 99x
lpxitf_find_first 100x
lpxitf_iterate_address 101x
lpx_listen 102x
lpx_net_buf_sender 103x
lpx_recv 104x
lpx_recv_aio 105x
lpx_recvfrom 106x
lpx_recvmsg 107x
lpx_recv_xbuf 108x
lpx_register_dev 109x
lpx_reset_retransmit_count 110x
lpx_send 111x
lpx_send_aio 112x
lpx_sendmsg 113x
lpx_sendpages 114x
lpx_sendpages_aio 115x
lpx_sendto 116x
lpx_set_packet_loss_detection_time 117x
lpx_set_rtimeout 118x
lpx_set_wtimeout 119x
lpx_sio_recvfrom 120x
lpx_socket 121x
lpx_unregister_dev 122x
lsp_acquire_lock 123x
lsp_ata_handshake 124x
lsp_build_acquire_lock 125x
lsp_build_ata_handshake 126x
lsp_build_ide_base_command 127x
lsp_build_ide_command 128x
lsp_build_ide_flush 129x
lsp_build_ide_identify 130x
lsp_build_ide_identify_packet_device 131x
lsp_build_ide_packet_cmd 132x
lsp_build_ide_read 133x
lsp_build_ide_set_features 134x
lsp_build_ide_verify 135x
lsp_build_ide_write 136x
lsp_build_ide_write_fua 137x
lsp_build_login 138x
lsp_build_logout 139x
lsp_build_release_lock 140x
lsp_complete_request 141x
lsp_decrypt32 142x
lsp_decrypt32_build_combined_key 143x
lsp_decrypt32ex 144x
lsp_decrypt32ex_copy 145x
lsp_decrypt32exx 146x
lsp_decrypt32exx_copy 147x
lsp_decrypt_recv_data 148x
lsp_decrypt_recv_data_inplace 149x
lsp_encrypt32 150x
lsp_encrypt32_build_combined_key 151x
lsp_encrypt32ex 152x
lsp_encrypt32ex_copy 153x
lsp_encrypt32exx 154x
lsp_encrypt32exx_copy 155x
lsp_encrypt_send_data 156x
lsp_encrypt_send_data_inplace 157x
lsp_get_ata_handshake_data 158x
lsp_get_buffer_to_receive 159x
lsp_get_buffer_to_send 160x
lsp_get_hardware_data 161x
lsp_get_ide_command_output_register 162x
lsp_get_ide_identify_device_data 163x
lsp_get_login_info 164x
lsp_get_options 165x
lsp_get_pkt_aux_buffer 166x
lsp_get_session_buffer_size 167x
lsp_get_text_command_result 168x
lsp_get_vendor_command_result 169x
lsp_hash_uint32_to128 170x
lsp_hs_identify 171x
lsp_hs_identify_completion 172x
lsp_hs_identify_data_integrity_check 173x
lsp_hs_preset_pio_mode 174x
lsp_hs_preset_pio_mode_completion 175x
lsp_hs_set_dma_mode 176x
lsp_hs_set_dma_mode_completion 177x
lsp_hs_set_pio_mode 178x
lsp_hs_set_pio_mode_completion 179x
lsp_ide_atapassthrough 180x
lsp_ide_command 181x
lsp_ide_flush 182x
lsp_ide_identify 183x
lsp_ide_identify_packet_device 184x
lsp_ide_packet_cmd 185x
lsp_ide_read 186x
lsp_ide_set_feature 187x
lsp_ide_setfeatures 188x
lsp_ide_verify 189x
lsp_ide_write 190x
lsp_initialize_session 191x
LSP_KNOWN_LOGIN_PASSWORD_LIST 192x
lsp_login 193x
LSP_LOGIN_PASSWORD_ANY 194x
LSP_LOGIN_PASSWORD_DEFAULT 195x
LSP_LOGIN_PASSWORD_SAMPLE 196x
LSP_LOGIN_PASSWORD_SEAGATE 197x
LSP_LOGIN_PASSWORD_WINDOWS_RO 198x
lsp_logout 199x
lsp_noop_command 200x
lsp_noop_command_process 201x
lspp_find_dma_mode 202x
lspp_find_pio_mode 203x
lsp_process_next 204x
lsp_release_lock 205x
lsp_request 206x
lsp_request_ex_ata_handshake 207x
LSP_SESSION_BUFFER_SIZE 208x
lsp_set_options 209x
lsp_text_command 210x
lsp_vendor_command 211x
lsp_verify_hddrive_capacity 212x
NdasAcquireBufferLock 213x
NdasReleaseBufferLock 214x
ndev_cleanup 215x
ndev_get_registration_data 216x
ndev_lookup 217x
ndev_lookup_byname 218x
ndev_lookup_bynetworkid 219x
ndev_lookup_byserial 220x
ndev_notify_status_changed 221x
ndev_probe_serial 222x
ndev_probe_size 223x
ndev_register 224x
ndev_registered_list 225x
ndev_registered_size 226x
ndev_rename 227x
ndev_set_registration_data 228x
ndev_unit_cleanup 229x
ndev_unregister 230x
ndev_vanished 231x
ndiod_thread 232x
ndpnp_cleanup 233x
ndpnp_init 234x
ndpnp_reinit 235x
nhix_cleanup 236x
nhix_init 237x
nhix_reinit 238x
nhix_send_request 239x
nmd_create 240x
nmd_destroy 241x
notify_func 242x
OpAcquireDevLock 243x
OpReleaseDevLock 244x
p2_tab 245x
pnp_subscribe 246x
pnp_unsubscribe 247x
register_internal 248x
registrar_cleanup 249x
registrar_init 250x
registrar_stop 251x
sdev_cleanup 252x
sdev_create 253x
sdev_disable 254x
sdev_do_cleanup 255x
sdev_lock 256x
sdev_lookup_byslot 257x
sdev_notify_disable_result 258x
sdev_notify_enable_result 259x
sdev_raid_notify_disable_result 260x
sdev_register 261x
sdev_unregister 262x
_siocb_destroy 263x
_siocb_inc_ref 264x
StartIoIdleTimer 265x
StopIoIdleTimer 266x
sx_tab 267x
tir_alloc 268x
tir_free 269x
uconn_convert_lsp_status_to_ndas_error 270x
udev_connecting_func 271x
udev_io_idle_operation 272x
udev_lock_operation 273x
udev_max_xfer_unit 274x
udev_ops 275x
udev_set_max_xfer_unit 276x
udev_shutdown 277x
udev_write_dib 278x
Urb_pool 279x
uuid_generate 280x
WaitForBufferLockRelease 281x
WaitForPriority 282x
xbuf_alloc 283x
xbuf_alloc_from_net_buf 284x
xbuf_clone 285x
xbuf_copy 286x
xbuf_copy_data_from 287x
xbuf_copy_data_to 288x
xbuf_copy_data_to_blocks 289x
xbuf_dequeue 290x
xbuf_dequeue_wait 291x
xbuf_free 292x
xbuf_pool_dec 293x
xbuf_pool_inc 294x
xbuf_pool_init 295x
xbuf_pool_shutdown 296x
xbuf_pull 297x
xbuf_put 298x
xbuf_queue_destroy 299x
xbuf_queue_head 300x
xbuf_queue_init 301x
xbuf_queue_reset 302x
xbuf_queue_tail 303x
xbuf_unlink 304x
xlib_hash_table_destroy 305x
xlib_hash_table_foreach 306x
xlib_hash_table_foreach_remove 307x
xlib_hash_table_insert 308x
xlib_hash_table_lookup 309x
xlib_hash_table_new 310x
xlib_hash_table_new_full 311x
xlib_hash_table_remove 312x
xlib_hash_table_size 313x
